// Jest Snapshot v1, https://goo.gl/fbAQLP

exports[`renders correctly 1`] = `"<div data-testid=\\"robocard\\" class=\\"tc bg-light-green dib br3 pa3 ma2 grow bw2 shadow-5\\"><img src=\\"https://robohash.org/1.png?size=200x200\\" alt=\\"robot\\"><div><h2>Mr 1</h2><p>baroqueworks@gmail.com</p></div></div>"`;
